******************************************************************************
             TMS320C2000 Linker PC v18.12.0                    
******************************************************************************
>> Linked Wed Jan 30 10:47:28 2019

OUTPUT FILE NAME:   <Firmware_3-to-1_Ladder.out>
ENTRY POINT SYMBOL: "code_start"  address: 00000000


MEMORY CONFIGURATION

         name            origin    length      used     unused   attr    fill
----------------------  --------  ---------  --------  --------  ----  --------
PAGE 0:
  BEGIN                 00000000   00000002  00000002  00000000  RWIX
  RAMM0                 00000122   000002de  000001ee  000000f0  RWIX
  RAMLS04               00008000   00002800  00002235  000005cb  RWIX
  RAMD0                 0000b000   00000800  00000000  00000800  RWIX
  RESET                 003fffc0   00000002  00000000  00000002  RWIX

PAGE 1:
  BOOT_RSVD             00000002   00000120  00000000  00000120  RWIX
  RAMM1                 00000400   00000400  00000100  00000300  RWIX
  ADCA_RESULT           00000b00   00000020  00000018  00000008  RWIX
  ADCB_RESULT           00000b20   00000020  00000018  00000008  RWIX
  ADCC_RESULT           00000b40   00000020  00000018  00000008  RWIX
  ADCD_RESULT           00000b60   00000020  00000018  00000008  RWIX
  CPU_TIMER0            00000c00   00000008  00000008  00000000  RWIX
  CPU_TIMER1            00000c08   00000008  00000008  00000000  RWIX
  CPU_TIMER2            00000c10   00000008  00000008  00000000  RWIX
  PIE_CTRL              00000ce0   00000020  0000001a  00000006  RWIX
  PIE_VECT              00000d00   00000200  000001c0  00000040  RWIX
  DMA                   00001000   00000200  000000e0  00000120  RWIX
  CLA1                  00001400   00000040  0000003e  00000002  RWIX
  EPWM1                 00004000   00000100  00000100  00000000  RWIX
  EPWM2                 00004100   00000100  00000100  00000000  RWIX
  EPWM3                 00004200   00000100  00000100  00000000  RWIX
  EPWM4                 00004300   00000100  00000100  00000000  RWIX
  EPWM5                 00004400   00000100  00000100  00000000  RWIX
  EPWM6                 00004500   00000100  00000100  00000000  RWIX
  EPWM7                 00004600   00000100  00000100  00000000  RWIX
  EPWM8                 00004700   00000100  00000100  00000000  RWIX
  EPWM9                 00004800   00000100  00000100  00000000  RWIX
  EPWM10                00004900   00000100  00000100  00000000  RWIX
  EPWM11                00004a00   00000100  00000100  00000000  RWIX
  EPWM12                00004b00   00000100  00000100  00000000  RWIX
  ECAP1                 00005000   00000020  00000020  00000000  RWIX
  ECAP2                 00005020   00000020  00000020  00000000  RWIX
  ECAP3                 00005040   00000020  00000020  00000000  RWIX
  ECAP4                 00005060   00000020  00000020  00000000  RWIX
  ECAP5                 00005080   00000020  00000020  00000000  RWIX
  ECAP6                 000050a0   00000020  00000020  00000000  RWIX
  EQEP1                 00005100   00000040  00000022  0000001e  RWIX
  EQEP2                 00005140   00000040  00000022  0000001e  RWIX
  EQEP3                 00005180   00000040  00000022  0000001e  RWIX
  DACA                  00005c00   00000010  00000008  00000008  RWIX
  DACB                  00005c10   00000010  00000008  00000008  RWIX
  DACC                  00005c20   00000010  00000008  00000008  RWIX
  CMPSS1                00005c80   00000020  00000020  00000000  RWIX
  CMPSS2                00005ca0   00000020  00000020  00000000  RWIX
  CMPSS3                00005cc0   00000020  00000020  00000000  RWIX
  CMPSS4                00005ce0   00000020  00000020  00000000  RWIX
  CMPSS5                00005d00   00000020  00000020  00000000  RWIX
  CMPSS6                00005d20   00000020  00000020  00000000  RWIX
  CMPSS7                00005d40   00000020  00000020  00000000  RWIX
  CMPSS8                00005d60   00000020  00000020  00000000  RWIX
  SDFM1                 00005e00   00000080  00000080  00000000  RWIX
  SDFM2                 00005e80   00000080  00000080  00000000  RWIX
  MCBSPA                00006000   00000040  00000024  0000001c  RWIX
  MCBSPB                00006040   00000040  00000024  0000001c  RWIX
  SPIA                  00006100   00000010  00000010  00000000  RWIX
  SPIB                  00006110   00000010  00000010  00000000  RWIX
  SPIC                  00006120   00000010  00000010  00000000  RWIX
  SPID                  00006130   00000010  00000000  00000010  RWIX
  UPP                   00006200   00000100  00000048  000000b8  RWIX
  WD                    00007000   00000040  0000002b  00000015  RWIX
  NMIINTRUPT            00007060   00000010  00000007  00000009  RWIX
  XINT                  00007070   00000010  0000000b  00000005  RWIX
  SCIA                  00007200   00000010  00000010  00000000  RWIX
  SCIB                  00007210   00000010  00000010  00000000  RWIX
  SCIC                  00007220   00000010  00000010  00000000  RWIX
  SCID                  00007230   00000010  00000010  00000000  RWIX
  I2CA                  00007300   00000040  00000022  0000001e  RWIX
  I2CB                  00007340   00000040  00000022  0000001e  RWIX
  ADCA                  00007400   00000080  00000080  00000000  RWIX
  ADCB                  00007480   00000080  00000080  00000000  RWIX
  ADCC                  00007500   00000080  00000080  00000000  RWIX
  ADCD                  00007580   00000080  00000080  00000000  RWIX
  INPUT_XBAR            00007900   00000020  00000020  00000000  RWIX
  XBAR                  00007920   00000020  00000020  00000000  RWIX
  SYNC_SOC              00007940   00000010  00000006  0000000a  RWIX
  DMACLASRCSEL          00007980   00000040  0000001a  00000026  RWIX
  EPWM_XBAR             00007a00   00000040  00000040  00000000  RWIX
  CLB_XBAR              00007a40   00000040  00000000  00000040  RWIX
  OUTPUT_XBAR           00007a80   00000040  00000040  00000000  RWIX
  GPIOCTRL              00007c00   00000180  00000180  00000000  RWIX
  GPIODAT               00007f00   00000030  00000030  00000000  RWIX
  RAMLS5                0000a800   00000800  000005ac  00000254  RWIX
  RAMD1                 0000b800   00000800  00000000  00000800  RWIX
  RAMGS0                0000c000   00001000  00000000  00001000  RWIX
  RAMGS1                0000d000   00001000  00000000  00001000  RWIX
  RAMGS2                0000e000   00001000  00000000  00001000  RWIX
  RAMGS3                0000f000   00001000  00000000  00001000  RWIX
  RAMGS4                00010000   00001000  00000000  00001000  RWIX
  RAMGS5                00011000   00001000  00000000  00001000  RWIX
  RAMGS6                00012000   00001000  00000000  00001000  RWIX
  RAMGS7                00013000   00001000  00000000  00001000  RWIX
  RAMGS8                00014000   00001000  00000000  00001000  RWIX
  RAMGS9                00015000   00001000  00000000  00001000  RWIX
  RAMGS10               00016000   00001000  00000000  00001000  RWIX
  RAMGS11               00017000   00001000  00000000  00001000  RWIX
  RAMGS12               00018000   00001000  00000000  00001000  RWIX
  RAMGS13               00019000   00001000  00000000  00001000  RWIX
  RAMGS14               0001a000   00001000  00000000  00001000  RWIX
  RAMGS15               0001b000   00001000  00000000  00001000  RWIX
  CPU2TOCPU1RAM         0003f800   00000400  00000000  00000400  RWIX
  CPU1TOCPU2RAM         0003fc00   00000400  00000000  00000400  RWIX
  EMIF1                 00047000   00000800  00000070  00000790  RWIX
  EMIF2                 00047800   00000800  00000070  00000790  RWIX
  CANA                  00048000   00000800  00000164  0000069c  RWIX
  CANA_MSG_RAM          00049000   00000800  00000000  00000800  RWIX
  CANB                  0004a000   00000800  00000164  0000069c  RWIX
  CANB_MSG_RAM          0004b000   00000800  00000000  00000800  RWIX
  IPC                   00050000   00000024  00000024  00000000  RWIX
  FLASHPUMPSEMAPHORE    00050024   00000002  00000002  00000000  RWIX
  DEV_CFG               0005d000   00000180  0000012e  00000052  RWIX
  ANALOG_SUBSYS         0005d180   00000080  00000048  00000038  RWIX
  CLK_CFG               0005d200   00000100  00000032  000000ce  RWIX
  CPU_SYS               0005d300   00000100  00000082  0000007e  RWIX
  ROMPREFETCH           0005e608   00000002  00000002  00000000  RWIX
  DCSM_Z1               0005f000   00000030  00000024  0000000c  RWIX
  DCSM_Z2               0005f040   00000030  00000024  0000000c  RWIX
  DCSM_COMMON           0005f070   00000010  00000008  00000008  RWIX
  MEMCFG                0005f400   00000080  00000080  00000000  RWIX
  EMIF1CONFIG           0005f480   00000020  00000020  00000000  RWIX
  EMIF2CONFIG           0005f4a0   00000020  00000020  00000000  RWIX
  ACCESSPROTECTION      0005f4c0   00000040  00000040  00000000  RWIX
  MEMORYERROR           0005f500   00000040  00000040  00000000  RWIX
  ROMWAITSTATE          0005f540   00000002  00000002  00000000  RWIX
  FLASH0_CTRL           0005f800   00000300  00000182  0000017e  RWIX
  FLASH0_ECC            0005fb00   00000040  00000028  00000018  RWIX
  DCSM_Z1_OTP           00078000   00000020  00000020  00000000  RWIX
  DCSM_Z2_OTP           00078200   00000020  00000020  00000000  RWIX


SECTION ALLOCATION MAP

 output                                  attributes/
section   page    origin      length       input sections
--------  ----  ----------  ----------   ----------------
codestart 
*          0    00000000    00000002     
                  00000000    00000002     F2837xD_CodeStartBranch.obj (codestart)

.cinit     0    00000122    000000e9     
                  00000122    000000b2     3-to-1_Ladder_main.obj (.cinit)
                  000001d4    00000015     3-to-1_Ladder_main.obj (.cinit:_ePWM)
                  000001e9    0000000e     rts2800_fpu32.lib : exit.c.obj (.cinit)
                  000001f7    00000005                       : _lock.c.obj (.cinit:__lock)
                  000001fc    00000005                       : _lock.c.obj (.cinit:__unlock)
                  00000201    00000004     SFO_v8_fpu_lib_build_c28.lib : SFO_v7_fpu_lib_build_c28.obj (.cinit)
                  00000205    00000004     rts2800_fpu32.lib : errno.c.obj (.cinit)
                  00000209    00000002     --HOLE-- [fill = 0]

.text      0    00008000    00002235     
                  00008000    00000891     3-to-1_Ladder_main.obj (.text)
                  00008891    00000585     F2837xD_DefaultISR.obj (.text:retain)
                  00008e16    00000368     rts2800_fpu32.lib : e_powf.c.obj (.text)
                  0000917e    0000033b     F2837xD_SysCtrl.obj (.text)
                  000094b9    00000244     F2837xD_Gpio.obj (.text)
                  000096fd    0000021f     3-to-1_Ladder_main.obj (.text:retain)
                  0000991c    000001ff     rts2800_fpu32.lib : strtod.c.obj (.text)
                  00009b1b    0000015a     SFO_v8_fpu_lib_build_c28.lib : SFO_v7_fpu_lib_build_c28.obj (.text)
                  00009c75    000000fd     F2837xD_EPwm.obj (.text)
                  00009d72    000000dd     F2837xD_Adc.obj (.text)
                  00009e4f    000000c2     ringbuffer.obj (.text)
                  00009f11    00000088     rts2800_fpu32.lib : fs_div28.asm.obj (.text)
                  00009f99    00000059                       : s_floorf.c.obj (.text)
                  00009ff2    00000058                       : s_scalbnf.c.obj (.text)
                  0000a04a    00000056                       : boot28.asm.obj (.text)
                  0000a0a0    00000039                       : s_roundf.c.obj (.text)
                  0000a0d9    00000029                       : exit.c.obj (.text)
                  0000a102    00000028     F2837xD_PieCtrl.obj (.text)
                  0000a12a    00000027     rts2800_fpu32.lib : e_sqrtf.c.obj (.text)
                  0000a151    00000026     F2837xD_PieVect.obj (.text)
                  0000a177    00000024     rts2800_fpu32.lib : cpy_tbl.c.obj (.text)
                  0000a19b    0000001d                       : memcpy.c.obj (.text)
                  0000a1b8    0000001b     C28x_SGEN_Lib_fpu32.lib : sgti1c.obj (.text)
                  0000a1d3    00000019     rts2800_fpu32.lib : args_main.c.obj (.text)
                  0000a1ec    00000015                       : memcmp.c.obj (.text)
                  0000a201    00000011                       : s_copysignf.c.obj (.text)
                  0000a212    0000000b                       : u_div28.asm.obj (.text)
                  0000a21d    00000009                       : _lock.c.obj (.text)
                  0000a226    00000008                       : strlen.c.obj (.text)
                  0000a22e    00000004                       : atof.c.obj (.text)
                  0000a232    00000002                       : pre_init.c.obj (.text)
                  0000a234    00000001                       : startup.c.obj (.text)

.pinit     0    00000122    00000000     UNINITIALIZED

.reset     0    003fffc0    00000002     DSECT
                  003fffc0    00000002     rts2800_fpu32.lib : boot28.asm.obj (.reset)

.stack     1    00000400    00000100     UNINITIALIZED
                  00000400    00000100     --HOLE--

AdcaResultFile 
*          1    00000b00    00000018     UNINITIALIZED
                  00000b00    00000018     F2837xD_GlobalVariableDefs.obj (AdcaResultFile)

AdcbResultFile 
*          1    00000b20    00000018     UNINITIALIZED
                  00000b20    00000018     F2837xD_GlobalVariableDefs.obj (AdcbResultFile)

AdccResultFile 
*          1    00000b40    00000018     UNINITIALIZED
                  00000b40    00000018     F2837xD_GlobalVariableDefs.obj (AdccResultFile)

AdcdResultFile 
*          1    00000b60    00000018     UNINITIALIZED
                  00000b60    00000018     F2837xD_GlobalVariableDefs.obj (AdcdResultFile)

Cla1RegsFile 
*          1    00001400    0000003e     UNINITIALIZED
                  00001400    0000003e     F2837xD_GlobalVariableDefs.obj (Cla1RegsFile)

.econst    1    0000a800    000003e8     
                  0000a800    000001c0     F2837xD_PieVect.obj (.econst:_PieVectTableInit)
                  0000a9c0    00000101     rts2800_fpu32.lib : ctype.c.obj (.econst:.string:__ctypes_)
                  0000aac1    00000001     --HOLE-- [fill = 0]
                  0000aac2    000000b3     3-to-1_Ladder_main.obj (.econst:.string)
                  0000ab75    00000001     --HOLE-- [fill = 0]
                  0000ab76    00000032     rts2800_fpu32.lib : e_powf.c.obj (.econst)
                  0000aba8    00000020                       : strtod.c.obj (.econst:_digits)
                  0000abc8    0000000c                       : strtod.c.obj (.econst:_powerof10)
                  0000abd4    00000006                       : s_scalbnf.c.obj (.econst)
                  0000abda    00000004                       : e_powf.c.obj (.econst:_bp)
                  0000abde    00000004                       : e_powf.c.obj (.econst:_dp_h)
                  0000abe2    00000004                       : e_powf.c.obj (.econst:_dp_l)
                  0000abe6    00000002                       : s_floorf.c.obj (.econst)

.ebss      1    0000abe8    000001c4     UNINITIALIZED
                  0000abe8    00000018     3-to-1_Ladder_main.obj (.ebss:_RxCommand)
                  0000ac00    00000080     3-to-1_Ladder_main.obj (.ebss:_RXBuffer)
                  0000ac80    00000080     3-to-1_Ladder_main.obj (.ebss:_TXBuffer)
                  0000ad00    00000054     3-to-1_Ladder_main.obj (.ebss)
                  0000ad54    00000018     3-to-1_Ladder_main.obj (.ebss:_RxData)
                  0000ad6c    00000014     3-to-1_Ladder_main.obj (.ebss:_RxPackage)
                  0000ad80    00000012     3-to-1_Ladder_main.obj (.ebss:_ePWM)
                  0000ad92    0000000f     SFO_v8_fpu_lib_build_c28.lib : SFO_v7_fpu_lib_build_c28.obj (.ebss)
                  0000ada1    00000001     rts2800_fpu32.lib : errno.c.obj (.ebss)
                  0000ada2    00000006                       : exit.c.obj (.ebss)
                  0000ada8    00000002                       : _lock.c.obj (.ebss:__lock)
                  0000adaa    00000002                       : _lock.c.obj (.ebss:__unlock)

.TI.ramfunc 
*          0    0000020b    00000004     
                  0000020b    00000004     F2837xD_usDelay.obj (.TI.ramfunc)

GETBUFFER 
*          0    0003f800    00000000     DSECT

GETWRITEIDX 
*          0    0003f800    00000000     DSECT

PUTREADIDX 
*          0    0003f800    00000000     DSECT

CpuTimer0RegsFile 
*          1    00000c00    00000008     UNINITIALIZED
                  00000c00    00000008     F2837xD_GlobalVariableDefs.obj (CpuTimer0RegsFile)

CpuTimer1RegsFile 
*          1    00000c08    00000008     UNINITIALIZED
                  00000c08    00000008     F2837xD_GlobalVariableDefs.obj (CpuTimer1RegsFile)

CpuTimer2RegsFile 
*          1    00000c10    00000008     UNINITIALIZED
                  00000c10    00000008     F2837xD_GlobalVariableDefs.obj (CpuTimer2RegsFile)

PieCtrlRegsFile 
*          1    00000ce0    0000001a     UNINITIALIZED
                  00000ce0    0000001a     F2837xD_GlobalVariableDefs.obj (PieCtrlRegsFile)

PieVectTableFile 
*          1    00000d00    000001c0     UNINITIALIZED
                  00000d00    000001c0     F2837xD_GlobalVariableDefs.obj (PieVectTableFile)

EmuKeyVar 
*          1    00000d00    00000001     UNINITIALIZED
                  00000d00    00000001     F2837xD_GlobalVariableDefs.obj (EmuKeyVar)

EmuBModeVar 
*          1    00000d01    00000001     UNINITIALIZED
                  00000d01    00000001     F2837xD_GlobalVariableDefs.obj (EmuBModeVar)

FlashCallbackVar 
*          1    00000d02    00000000     UNINITIALIZED

FlashScalingVar 
*          1    00000d02    00000000     UNINITIALIZED

DmaRegsFile 
*          1    00001000    000000e0     UNINITIALIZED
                  00001000    000000e0     F2837xD_GlobalVariableDefs.obj (DmaRegsFile)

EPwm1RegsFile 
*          1    00004000    00000100     UNINITIALIZED
                  00004000    00000100     F2837xD_GlobalVariableDefs.obj (EPwm1RegsFile)

EPwm2RegsFile 
*          1    00004100    00000100     UNINITIALIZED
                  00004100    00000100     F2837xD_GlobalVariableDefs.obj (EPwm2RegsFile)

EPwm3RegsFile 
*          1    00004200    00000100     UNINITIALIZED
                  00004200    00000100     F2837xD_GlobalVariableDefs.obj (EPwm3RegsFile)

EPwm4RegsFile 
*          1    00004300    00000100     UNINITIALIZED
                  00004300    00000100     F2837xD_GlobalVariableDefs.obj (EPwm4RegsFile)

EPwm5RegsFile 
*          1    00004400    00000100     UNINITIALIZED
                  00004400    00000100     F2837xD_GlobalVariableDefs.obj (EPwm5RegsFile)

EPwm6RegsFile 
*          1    00004500    00000100     UNINITIALIZED
                  00004500    00000100     F2837xD_GlobalVariableDefs.obj (EPwm6RegsFile)

EPwm7RegsFile 
*          1    00004600    00000100     UNINITIALIZED
                  00004600    00000100     F2837xD_GlobalVariableDefs.obj (EPwm7RegsFile)

EPwm8RegsFile 
*          1    00004700    00000100     UNINITIALIZED
                  00004700    00000100     F2837xD_GlobalVariableDefs.obj (EPwm8RegsFile)

EPwm9RegsFile 
*          1    00004800    00000100     UNINITIALIZED
                  00004800    00000100     F2837xD_GlobalVariableDefs.obj (EPwm9RegsFile)

EPwm10RegsFile 
*          1    00004900    00000100     UNINITIALIZED
                  00004900    00000100     F2837xD_GlobalVariableDefs.obj (EPwm10RegsFile)

EPwm11RegsFile 
*          1    00004a00    00000100     UNINITIALIZED
                  00004a00    00000100     F2837xD_GlobalVariableDefs.obj (EPwm11RegsFile)

EPwm12RegsFile 
*          1    00004b00    00000100     UNINITIALIZED
                  00004b00    00000100     F2837xD_GlobalVariableDefs.obj (EPwm12RegsFile)

ECap1RegsFile 
*          1    00005000    00000020     UNINITIALIZED
                  00005000    00000020     F2837xD_GlobalVariableDefs.obj (ECap1RegsFile)

ECap2RegsFile 
*          1    00005020    00000020     UNINITIALIZED
                  00005020    00000020     F2837xD_GlobalVariableDefs.obj (ECap2RegsFile)

ECap3RegsFile 
*          1    00005040    00000020     UNINITIALIZED
                  00005040    00000020     F2837xD_GlobalVariableDefs.obj (ECap3RegsFile)

ECap4RegsFile 
*          1    00005060    00000020     UNINITIALIZED
                  00005060    00000020     F2837xD_GlobalVariableDefs.obj (ECap4RegsFile)

ECap5RegsFile 
*          1    00005080    00000020     UNINITIALIZED
                  00005080    00000020     F2837xD_GlobalVariableDefs.obj (ECap5RegsFile)

ECap6RegsFile 
*          1    000050a0    00000020     UNINITIALIZED
                  000050a0    00000020     F2837xD_GlobalVariableDefs.obj (ECap6RegsFile)

EQep1RegsFile 
*          1    00005100    00000022     UNINITIALIZED
                  00005100    00000022     F2837xD_GlobalVariableDefs.obj (EQep1RegsFile)

EQep2RegsFile 
*          1    00005140    00000022     UNINITIALIZED
                  00005140    00000022     F2837xD_GlobalVariableDefs.obj (EQep2RegsFile)

EQep3RegsFile 
*          1    00005180    00000022     UNINITIALIZED
                  00005180    00000022     F2837xD_GlobalVariableDefs.obj (EQep3RegsFile)

DacaRegsFile 
*          1    00005c00    00000008     UNINITIALIZED
                  00005c00    00000008     F2837xD_GlobalVariableDefs.obj (DacaRegsFile)

DacbRegsFile 
*          1    00005c10    00000008     UNINITIALIZED
                  00005c10    00000008     F2837xD_GlobalVariableDefs.obj (DacbRegsFile)

DaccRegsFile 
*          1    00005c20    00000008     UNINITIALIZED
                  00005c20    00000008     F2837xD_GlobalVariableDefs.obj (DaccRegsFile)

Sdfm1RegsFile 
*          1    00005e00    00000080     UNINITIALIZED
                  00005e00    00000080     F2837xD_GlobalVariableDefs.obj (Sdfm1RegsFile)

Sdfm2RegsFile 
*          1    00005e80    00000080     UNINITIALIZED
                  00005e80    00000080     F2837xD_GlobalVariableDefs.obj (Sdfm2RegsFile)

McbspaRegsFile 
*          1    00006000    00000024     UNINITIALIZED
                  00006000    00000024     F2837xD_GlobalVariableDefs.obj (McbspaRegsFile)

McbspbRegsFile 
*          1    00006040    00000024     UNINITIALIZED
                  00006040    00000024     F2837xD_GlobalVariableDefs.obj (McbspbRegsFile)

SpiaRegsFile 
*          1    00006100    00000010     UNINITIALIZED
                  00006100    00000010     F2837xD_GlobalVariableDefs.obj (SpiaRegsFile)

SpibRegsFile 
*          1    00006110    00000010     UNINITIALIZED
                  00006110    00000010     F2837xD_GlobalVariableDefs.obj (SpibRegsFile)

SpicRegsFile 
*          1    00006120    00000010     UNINITIALIZED
                  00006120    00000010     F2837xD_GlobalVariableDefs.obj (SpicRegsFile)

UppRegsFile 
*          1    00006200    00000048     UNINITIALIZED
                  00006200    00000048     F2837xD_GlobalVariableDefs.obj (UppRegsFile)

WdRegsFile 
*          1    00007000    0000002b     UNINITIALIZED
                  00007000    0000002b     F2837xD_GlobalVariableDefs.obj (WdRegsFile)

NmiIntruptRegsFile 
*          1    00007060    00000007     UNINITIALIZED
                  00007060    00000007     F2837xD_GlobalVariableDefs.obj (NmiIntruptRegsFile)

XintRegsFile 
*          1    00007070    0000000b     UNINITIALIZED
                  00007070    0000000b     F2837xD_GlobalVariableDefs.obj (XintRegsFile)

SciaRegsFile 
*          1    00007200    00000010     UNINITIALIZED
                  00007200    00000010     F2837xD_GlobalVariableDefs.obj (SciaRegsFile)

ScibRegsFile 
*          1    00007210    00000010     UNINITIALIZED
                  00007210    00000010     F2837xD_GlobalVariableDefs.obj (ScibRegsFile)

ScicRegsFile 
*          1    00007220    00000010     UNINITIALIZED
                  00007220    00000010     F2837xD_GlobalVariableDefs.obj (ScicRegsFile)

ScidRegsFile 
*          1    00007230    00000010     UNINITIALIZED
                  00007230    00000010     F2837xD_GlobalVariableDefs.obj (ScidRegsFile)

I2caRegsFile 
*          1    00007300    00000022     UNINITIALIZED
                  00007300    00000022     F2837xD_GlobalVariableDefs.obj (I2caRegsFile)

I2cbRegsFile 
*          1    00007340    00000022     UNINITIALIZED
                  00007340    00000022     F2837xD_GlobalVariableDefs.obj (I2cbRegsFile)

AdcaRegsFile 
*          1    00007400    00000080     UNINITIALIZED
                  00007400    00000080     F2837xD_GlobalVariableDefs.obj (AdcaRegsFile)

AdcbRegsFile 
*          1    00007480    00000080     UNINITIALIZED
                  00007480    00000080     F2837xD_GlobalVariableDefs.obj (AdcbRegsFile)

AdccRegsFile 
*          1    00007500    00000080     UNINITIALIZED
                  00007500    00000080     F2837xD_GlobalVariableDefs.obj (AdccRegsFile)

AdcdRegsFile 
*          1    00007580    00000080     UNINITIALIZED
                  00007580    00000080     F2837xD_GlobalVariableDefs.obj (AdcdRegsFile)

CanaRegsFile 
*          1    00048000    00000164     UNINITIALIZED
                  00048000    00000164     F2837xD_GlobalVariableDefs.obj (CanaRegsFile)

CanbRegsFile 
*          1    0004a000    00000164     UNINITIALIZED
                  0004a000    00000164     F2837xD_GlobalVariableDefs.obj (CanbRegsFile)

AnalogSubsysRegsFile 
*          1    0005d180    00000048     UNINITIALIZED
                  0005d180    00000048     F2837xD_GlobalVariableDefs.obj (AnalogSubsysRegsFile)

Cla1SoftIntRegsFile 
*          1    00000ce0    00000004     DSECT
                  00000ce0    00000004     F2837xD_GlobalVariableDefs.obj (Cla1SoftIntRegsFile)

Cmpss1RegsFile 
*          1    00005c80    00000020     UNINITIALIZED
                  00005c80    00000020     F2837xD_GlobalVariableDefs.obj (Cmpss1RegsFile)

Cmpss2RegsFile 
*          1    00005ca0    00000020     UNINITIALIZED
                  00005ca0    00000020     F2837xD_GlobalVariableDefs.obj (Cmpss2RegsFile)

Cmpss3RegsFile 
*          1    00005cc0    00000020     UNINITIALIZED
                  00005cc0    00000020     F2837xD_GlobalVariableDefs.obj (Cmpss3RegsFile)

Cmpss4RegsFile 
*          1    00005ce0    00000020     UNINITIALIZED
                  00005ce0    00000020     F2837xD_GlobalVariableDefs.obj (Cmpss4RegsFile)

Cmpss5RegsFile 
*          1    00005d00    00000020     UNINITIALIZED
                  00005d00    00000020     F2837xD_GlobalVariableDefs.obj (Cmpss5RegsFile)

Cmpss6RegsFile 
*          1    00005d20    00000020     UNINITIALIZED
                  00005d20    00000020     F2837xD_GlobalVariableDefs.obj (Cmpss6RegsFile)

Cmpss7RegsFile 
*          1    00005d40    00000020     UNINITIALIZED
                  00005d40    00000020     F2837xD_GlobalVariableDefs.obj (Cmpss7RegsFile)

Cmpss8RegsFile 
*          1    00005d60    00000020     UNINITIALIZED
                  00005d60    00000020     F2837xD_GlobalVariableDefs.obj (Cmpss8RegsFile)

InputXbarRegsFile 
*          1    00007900    00000020     UNINITIALIZED
                  00007900    00000020     F2837xD_GlobalVariableDefs.obj (InputXbarRegsFile)

XbarRegsFile 
*          1    00007920    00000020     UNINITIALIZED
                  00007920    00000020     F2837xD_GlobalVariableDefs.obj (XbarRegsFile)

SyncSocRegsFile 
*          1    00007940    00000006     UNINITIALIZED
                  00007940    00000006     F2837xD_GlobalVariableDefs.obj (SyncSocRegsFile)

DmaClaSrcSelRegsFile 
*          1    00007980    0000001a     UNINITIALIZED
                  00007980    0000001a     F2837xD_GlobalVariableDefs.obj (DmaClaSrcSelRegsFile)

EPwmXbarRegsFile 
*          1    00007a00    00000040     UNINITIALIZED
                  00007a00    00000040     F2837xD_GlobalVariableDefs.obj (EPwmXbarRegsFile)

OutputXbarRegsFile 
*          1    00007a80    00000040     UNINITIALIZED
                  00007a80    00000040     F2837xD_GlobalVariableDefs.obj (OutputXbarRegsFile)

GpioCtrlRegsFile 
*          1    00007c00    00000180     UNINITIALIZED
                  00007c00    00000180     F2837xD_GlobalVariableDefs.obj (GpioCtrlRegsFile)

GpioDataRegsFile 
*          1    00007f00    00000030     UNINITIALIZED
                  00007f00    00000030     F2837xD_GlobalVariableDefs.obj (GpioDataRegsFile)

Emif1RegsFile 
*          1    00047000    00000070     UNINITIALIZED
                  00047000    00000070     F2837xD_GlobalVariableDefs.obj (Emif1RegsFile)

Emif2RegsFile 
*          1    00047800    00000070     UNINITIALIZED
                  00047800    00000070     F2837xD_GlobalVariableDefs.obj (Emif2RegsFile)

IpcRegsFile 
*          1    00050000    00000024     UNINITIALIZED
                  00050000    00000024     F2837xD_GlobalVariableDefs.obj (IpcRegsFile)

FlashPumpSemaphoreRegsFile 
*          1    00050024    00000002     UNINITIALIZED
                  00050024    00000002     F2837xD_GlobalVariableDefs.obj (FlashPumpSemaphoreRegsFile)

RomPrefetchRegsFile 
*          1    0005e608    00000002     UNINITIALIZED
                  0005e608    00000002     F2837xD_GlobalVariableDefs.obj (RomPrefetchRegsFile)

DcsmZ1RegsFile 
*          1    0005f000    00000024     UNINITIALIZED
                  0005f000    00000024     F2837xD_GlobalVariableDefs.obj (DcsmZ1RegsFile)

DcsmZ2RegsFile 
*          1    0005f040    00000024     UNINITIALIZED
                  0005f040    00000024     F2837xD_GlobalVariableDefs.obj (DcsmZ2RegsFile)

DcsmCommonRegsFile 
*          1    0005f070    00000008     UNINITIALIZED
                  0005f070    00000008     F2837xD_GlobalVariableDefs.obj (DcsmCommonRegsFile)

MemCfgRegsFile 
*          1    0005f400    00000080     UNINITIALIZED
                  0005f400    00000080     F2837xD_GlobalVariableDefs.obj (MemCfgRegsFile)

Emif1ConfigRegsFile 
*          1    0005f480    00000020     UNINITIALIZED
                  0005f480    00000020     F2837xD_GlobalVariableDefs.obj (Emif1ConfigRegsFile)

Emif2ConfigRegsFile 
*          1    0005f4a0    00000020     UNINITIALIZED
                  0005f4a0    00000020     F2837xD_GlobalVariableDefs.obj (Emif2ConfigRegsFile)

AccessProtectionRegsFile 
*          1    0005f4c0    00000040     UNINITIALIZED
                  0005f4c0    00000040     F2837xD_GlobalVariableDefs.obj (AccessProtectionRegsFile)

MemoryErrorRegsFile 
*          1    0005f500    00000040     UNINITIALIZED
                  0005f500    00000040     F2837xD_GlobalVariableDefs.obj (MemoryErrorRegsFile)

RomWaitStateRegsFile 
*          1    0005f540    00000002     UNINITIALIZED
                  0005f540    00000002     F2837xD_GlobalVariableDefs.obj (RomWaitStateRegsFile)

Flash0CtrlRegsFile 
*          1    0005f800    00000182     UNINITIALIZED
                  0005f800    00000182     F2837xD_GlobalVariableDefs.obj (Flash0CtrlRegsFile)

Flash0EccRegsFile 
*          1    0005fb00    00000028     UNINITIALIZED
                  0005fb00    00000028     F2837xD_GlobalVariableDefs.obj (Flash0EccRegsFile)

DcsmZ1OtpFile 
*          1    00078000    00000020     NOLOAD SECTION
                  00078000    00000020     F2837xD_GlobalVariableDefs.obj (DcsmZ1OtpFile)

DcsmZ2OtpFile 
*          1    00078200    00000020     NOLOAD SECTION
                  00078200    00000020     F2837xD_GlobalVariableDefs.obj (DcsmZ2OtpFile)

DevCfgRegsFile 
*          1    0005d000    0000012e     UNINITIALIZED
                  0005d000    0000012e     F2837xD_GlobalVariableDefs.obj (DevCfgRegsFile)

ClkCfgRegsFile 
*          1    0005d200    00000032     UNINITIALIZED
                  0005d200    00000032     F2837xD_GlobalVariableDefs.obj (ClkCfgRegsFile)

CpuSysRegsFile 
*          1    0005d300    00000082     UNINITIALIZED
                  0005d300    00000082     F2837xD_GlobalVariableDefs.obj (CpuSysRegsFile)

SINTBL     0    0000020f    00000101     
                  0000020f    00000101     C28x_SGEN_Lib_fpu32.lib : SINTB360.obj (SINTBL)

MODULE SUMMARY

       Module                           code   initialized data   uninitialized data
       ------                           ----   ----------------   ------------------
    .\
       F2837xD_GlobalVariableDefs.obj   0      0                  8759              
       3-to-1_Ladder_main.obj           2736   378                426               
       F2837xD_DefaultISR.obj           1413   0                  0                 
       F2837xD_SysCtrl.obj              827    0                  0                 
       F2837xD_Gpio.obj                 580    0                  0                 
       F2837xD_PieVect.obj              38     448                0                 
       F2837xD_EPwm.obj                 253    0                  0                 
       F2837xD_Adc.obj                  221    0                  0                 
       ringbuffer.obj                   194    0                  0                 
       F2837xD_PieCtrl.obj              40     0                  0                 
       F2837xD_usDelay.obj              4      0                  0                 
       F2837xD_CodeStartBranch.obj      2      0                  0                 
    +--+--------------------------------+------+------------------+--------------------+
       Total:                           6308   826                9185              
                                                                                    
    C:/ti/ccsv8/tools/compiler/ti-cgt-c2000_18.12.0.LTS/lib/rts2800_fpu32.lib
       e_powf.c.obj                     872    62                 0                 
       strtod.c.obj                     511    44                 0                 
       ctype.c.obj                      0      257                0                 
       fs_div28.asm.obj                 136    0                  0                 
       s_scalbnf.c.obj                  88     6                  0                 
       s_floorf.c.obj                   89     2                  0                 
       boot28.asm.obj                   86     0                  0                 
       exit.c.obj                       41     14                 6                 
       s_roundf.c.obj                   57     0                  0                 
       e_sqrtf.c.obj                    39     0                  0                 
       cpy_tbl.c.obj                    36     0                  0                 
       memcpy.c.obj                     29     0                  0                 
       args_main.c.obj                  25     0                  0                 
       _lock.c.obj                      9      10                 4                 
       memcmp.c.obj                     21     0                  0                 
       s_copysignf.c.obj                17     0                  0                 
       u_div28.asm.obj                  11     0                  0                 
       strlen.c.obj                     8      0                  0                 
       errno.c.obj                      0      4                  1                 
       atof.c.obj                       4      0                  0                 
       pre_init.c.obj                   2      0                  0                 
       startup.c.obj                    1      0                  0                 
    +--+--------------------------------+------+------------------+--------------------+
       Total:                           2082   399                11                
                                                                                    
    C:/ti/controlSUITE/device_support/F2837xD/v210/F2837xD_common/lib/SFO_v8_fpu_lib_build_c28.lib
       SFO_v7_fpu_lib_build_c28.obj     346    4                  15                
    +--+--------------------------------+------+------------------+--------------------+
       Total:                           346    4                  15                
                                                                                    
    C:/ti/controlSUITE/libs/dsp/SGEN/v101/lib/C28x_SGEN_Lib_fpu32.lib
       SINTB360.obj                     0      257                0                 
       sgti1c.obj                       27     0                  0                 
    +--+--------------------------------+------+------------------+--------------------+
       Total:                           27     257                0                 
                                                                                    
       Stack:                           0      0                  256               
    +--+--------------------------------+------+------------------+--------------------+
       Grand Total:                     8763   1486               9467              


GLOBAL DATA SYMBOLS: SORTED BY DATA PAGE

address     data page           name
--------    ----------------    ----
0000020f       8 (00000200)     SINTAB_360

00000400      10 (00000400)     __stack

00000b00      2c (00000b00)     _AdcaResultRegs
00000b20      2c (00000b00)     _AdcbResultRegs

00000b40      2d (00000b40)     _AdccResultRegs
00000b60      2d (00000b40)     _AdcdResultRegs

00000c00      30 (00000c00)     _CpuTimer0Regs
00000c08      30 (00000c00)     _CpuTimer1Regs
00000c10      30 (00000c00)     _CpuTimer2Regs

00000ce0      33 (00000cc0)     _Cla1SoftIntRegs
00000ce0      33 (00000cc0)     _PieCtrlRegs

00000d00      34 (00000d00)     _EmuKey
00000d00      34 (00000d00)     _PieVectTable
00000d01      34 (00000d00)     _EmuBMode

00001000      40 (00001000)     _DmaRegs

00001400      50 (00001400)     _Cla1Regs

00004000     100 (00004000)     _EPwm1Regs

00004100     104 (00004100)     _EPwm2Regs

00004200     108 (00004200)     _EPwm3Regs

00004300     10c (00004300)     _EPwm4Regs

00004400     110 (00004400)     _EPwm5Regs

00004500     114 (00004500)     _EPwm6Regs

00004600     118 (00004600)     _EPwm7Regs

00004700     11c (00004700)     _EPwm8Regs

00004800     120 (00004800)     _EPwm9Regs

00004900     124 (00004900)     _EPwm10Regs

00004a00     128 (00004a00)     _EPwm11Regs

00004b00     12c (00004b00)     _EPwm12Regs

00005000     140 (00005000)     _ECap1Regs
00005020     140 (00005000)     _ECap2Regs

00005040     141 (00005040)     _ECap3Regs
00005060     141 (00005040)     _ECap4Regs

00005080     142 (00005080)     _ECap5Regs
000050a0     142 (00005080)     _ECap6Regs

00005100     144 (00005100)     _EQep1Regs

00005140     145 (00005140)     _EQep2Regs

00005180     146 (00005180)     _EQep3Regs

00005c00     170 (00005c00)     _DacaRegs
00005c10     170 (00005c00)     _DacbRegs
00005c20     170 (00005c00)     _DaccRegs

00005c80     172 (00005c80)     _Cmpss1Regs
00005ca0     172 (00005c80)     _Cmpss2Regs

00005cc0     173 (00005cc0)     _Cmpss3Regs
00005ce0     173 (00005cc0)     _Cmpss4Regs

00005d00     174 (00005d00)     _Cmpss5Regs
00005d20     174 (00005d00)     _Cmpss6Regs

00005d40     175 (00005d40)     _Cmpss7Regs
00005d60     175 (00005d40)     _Cmpss8Regs

00005e00     178 (00005e00)     _Sdfm1Regs

00005e80     17a (00005e80)     _Sdfm2Regs

00006000     180 (00006000)     _McbspaRegs

00006040     181 (00006040)     _McbspbRegs

00006100     184 (00006100)     _SpiaRegs
00006110     184 (00006100)     _SpibRegs
00006120     184 (00006100)     _SpicRegs

00006200     188 (00006200)     _UppRegs

00007000     1c0 (00007000)     _WdRegs

00007060     1c1 (00007040)     _NmiIntruptRegs
00007070     1c1 (00007040)     _XintRegs

00007200     1c8 (00007200)     _SciaRegs
00007210     1c8 (00007200)     _ScibRegs
00007220     1c8 (00007200)     _ScicRegs
00007230     1c8 (00007200)     _ScidRegs

00007300     1cc (00007300)     _I2caRegs

00007340     1cd (00007340)     _I2cbRegs

00007400     1d0 (00007400)     _AdcaRegs

00007480     1d2 (00007480)     _AdcbRegs

00007500     1d4 (00007500)     _AdccRegs

00007580     1d6 (00007580)     _AdcdRegs

00007900     1e4 (00007900)     _InputXbarRegs
00007920     1e4 (00007900)     _XbarRegs

00007940     1e5 (00007940)     _SyncSocRegs

00007980     1e6 (00007980)     _DmaClaSrcSelRegs

00007a00     1e8 (00007a00)     _EPwmXbarRegs

00007a80     1ea (00007a80)     _OutputXbarRegs

00007c00     1f0 (00007c00)     _GpioCtrlRegs

00007f00     1fc (00007f00)     _GpioDataRegs

0000a800     2a0 (0000a800)     _PieVectTableInit

0000a9c0     2a7 (0000a9c0)     __ctypes_

0000abe8     2af (0000abc0)     _RxCommand

0000ac00     2b0 (0000ac00)     _RXBuffer

0000ac80     2b2 (0000ac80)     _TXBuffer

0000ad00     2b4 (0000ad00)     _MEP_ScaleFactor
0000ad01     2b4 (0000ad00)     _adcStartDelayClk
0000ad02     2b4 (0000ad00)     _updateDB
0000ad03     2b4 (0000ad00)     _deadBand
0000ad04     2b4 (0000ad00)     _status
0000ad05     2b4 (0000ad00)     _newCommandRdy
0000ad06     2b4 (0000ad00)     _i
0000ad07     2b4 (0000ad00)     _rampUp
0000ad08     2b4 (0000ad00)     _rampDown
0000ad09     2b4 (0000ad00)     _delayTemp
0000ad0a     2b4 (0000ad00)     _T_PWM
0000ad0c     2b4 (0000ad00)     _KP_PHI
0000ad0e     2b4 (0000ad00)     _KI_PHI
0000ad10     2b4 (0000ad00)     _ADC_UC2_GAIN
0000ad12     2b4 (0000ad00)     _ADC_UC2_OFFSET
0000ad14     2b4 (0000ad00)     _eSumPhi
0000ad16     2b4 (0000ad00)     _uOutTarget
0000ad18     2b4 (0000ad00)     _ePhi
0000ad1a     2b4 (0000ad00)     _phi
0000ad1c     2b4 (0000ad00)     _uOut
0000ad1e     2b4 (0000ad00)     _upperPhiLimit
0000ad20     2b4 (0000ad00)     _KP_DPHI
0000ad22     2b4 (0000ad00)     _KI_DPHI
0000ad24     2b4 (0000ad00)     _ADC_UOUT_GAIN
0000ad26     2b4 (0000ad00)     _ADC_UOUT_OFFSET
0000ad28     2b4 (0000ad00)     _eSumdPhi
0000ad2a     2b4 (0000ad00)     _uC2Target
0000ad2c     2b4 (0000ad00)     _edPhi
0000ad2e     2b4 (0000ad00)     _dPhi
0000ad30     2b4 (0000ad00)     _uC2
0000ad32     2b4 (0000ad00)     _upperLowerdPhiLimit
0000ad34     2b4 (0000ad00)     _antiWindupMax
0000ad36     2b4 (0000ad00)     _DACgain
0000ad38     2b4 (0000ad00)     _DACoffset
0000ad3a     2b4 (0000ad00)     _phiTemp
0000ad3c     2b4 (0000ad00)     _dPhiTemp
0000ad3e     2b4 (0000ad00)     _utemp

0000ad40     2b5 (0000ad40)     _TXBufferStruct
0000ad46     2b5 (0000ad40)     _RXBufferStruct
0000ad4c     2b5 (0000ad40)     _sgen
0000ad54     2b5 (0000ad40)     _RxData
0000ad6c     2b5 (0000ad40)     _RxPackage

0000ad80     2b6 (0000ad80)     _ePWM
0000ad97     2b6 (0000ad80)     _SFO_CAL
0000ad98     2b6 (0000ad80)     _MEP_SF
0000ada1     2b6 (0000ad80)     _errno
0000ada2     2b6 (0000ad80)     ___TI_enable_exit_profile_output
0000ada4     2b6 (0000ad80)     ___TI_cleanup_ptr
0000ada6     2b6 (0000ad80)     ___TI_dtors_ptr
0000ada8     2b6 (0000ad80)     __lock
0000adaa     2b6 (0000ad80)     __unlock

00047000    11c0 (00047000)     _Emif1Regs

00047800    11e0 (00047800)     _Emif2Regs

00048000    1200 (00048000)     _CanaRegs

0004a000    1280 (0004a000)     _CanbRegs

00050000    1400 (00050000)     _IpcRegs
00050024    1400 (00050000)     _FlashPumpSemaphoreRegs

0005d000    1740 (0005d000)     _DevCfgRegs

0005d180    1746 (0005d180)     _AnalogSubsysRegs

0005d200    1748 (0005d200)     _ClkCfgRegs

0005d300    174c (0005d300)     _CpuSysRegs

0005e608    1798 (0005e600)     _RomPrefetchRegs

0005f000    17c0 (0005f000)     _DcsmZ1Regs

0005f040    17c1 (0005f040)     _DcsmZ2Regs
0005f070    17c1 (0005f040)     _DcsmCommonRegs

0005f400    17d0 (0005f400)     _MemCfgRegs

0005f480    17d2 (0005f480)     _Emif1ConfigRegs
0005f4a0    17d2 (0005f480)     _Emif2ConfigRegs

0005f4c0    17d3 (0005f4c0)     _AccessProtectionRegs

0005f500    17d4 (0005f500)     _MemoryErrorRegs

0005f540    17d5 (0005f540)     _RomWaitStateRegs

0005f800    17e0 (0005f800)     _Flash0CtrlRegs

0005fb00    17ec (0005fb00)     _Flash0EccRegs

00078000    1e00 (00078000)     _DcsmZ1Otp

00078200    1e08 (00078200)     _DcsmZ2Otp


GLOBAL SYMBOLS: SORTED ALPHABETICALLY BY Name 

page  address   name                                  
----  -------   ----                                  
0     00008000  .text                                 
0     0000a0d9  C$$EXIT                               
0     00009f11  FS$$DIV                               
0     0000020f  SINTAB_360                            
0     0000a212  U$$DIV                                
0     0000a217  U$$MOD                                
0     0000894f  _ADCA1_ISR                            
0     00008bcf  _ADCA2_ISR                            
0     00008bd9  _ADCA3_ISR                            
0     00008be3  _ADCA4_ISR                            
0     00008bc5  _ADCA_EVT_ISR                         
0     00008959  _ADCB1_ISR                            
0     00008bf7  _ADCB2_ISR                            
0     00008c01  _ADCB3_ISR                            
0     00008c0b  _ADCB4_ISR                            
0     00008bed  _ADCB_EVT_ISR                         
0     00008963  _ADCC1_ISR                            
0     00008d5f  _ADCC2_ISR                            
0     00008d69  _ADCC3_ISR                            
0     00008d73  _ADCC4_ISR                            
0     00008d55  _ADCC_EVT_ISR                         
0     00008981  _ADCD1_ISR                            
0     00008d87  _ADCD2_ISR                            
0     00008d91  _ADCD3_ISR                            
0     00008d9b  _ADCD4_ISR                            
0     00008d7d  _ADCD_EVT_ISR                         
1     0000ad10  _ADC_UC2_GAIN                         
1     0000ad12  _ADC_UC2_OFFSET                       
1     0000ad24  _ADC_UOUT_GAIN                        
1     0000ad26  _ADC_UOUT_OFFSET                      
0     00008dd7  _AUX_PLL_SLIP_ISR                     
1     0005f4c0  _AccessProtectionRegs                 
0     00009d72  _AdcSetMode                           
1     00007400  _AdcaRegs                             
1     00000b00  _AdcaResultRegs                       
1     00007480  _AdcbRegs                             
1     00000b20  _AdcbResultRegs                       
1     00007500  _AdccRegs                             
1     00000b40  _AdccResultRegs                       
1     00007580  _AdcdRegs                             
1     00000b60  _AdcdResultRegs                       
1     0005d180  _AnalogSubsysRegs                     
0     00009465  _AuxAuxClkSel                         
0     0000944f  _AuxIntOsc2Sel                        
0     00009459  _AuxXtalOscSel                        
0     00008b9d  _CANA0_ISR                            
0     00008ba7  _CANA1_ISR                            
0     00008bb1  _CANB0_ISR                            
0     00008bbb  _CANB1_ISR                            
0     00008c15  _CLA1_1_ISR                           
0     00008c1f  _CLA1_2_ISR                           
0     00008c29  _CLA1_3_ISR                           
0     00008c33  _CLA1_4_ISR                           
0     00008c3d  _CLA1_5_ISR                           
0     00008c47  _CLA1_6_ISR                           
0     00008c51  _CLA1_7_ISR                           
0     00008c5b  _CLA1_8_ISR                           
0     00008de1  _CLA_OVERFLOW_ISR                     
0     00008deb  _CLA_UNDERFLOW_ISR                    
0     00009e15  _CalAdcINL                            
1     00048000  _CanaRegs                             
1     0004a000  _CanbRegs                             
1     00001400  _Cla1Regs                             
0     00000ce0  _Cla1SoftIntRegs                      
1     0005d200  _ClkCfgRegs                           
1     00005c80  _Cmpss1Regs                           
1     00005ca0  _Cmpss2Regs                           
1     00005cc0  _Cmpss3Regs                           
1     00005ce0  _Cmpss4Regs                           
1     00005d00  _Cmpss5Regs                           
1     00005d20  _Cmpss6Regs                           
1     00005d40  _Cmpss7Regs                           
1     00005d60  _Cmpss8Regs                           
0     00008528  _ConfigureADC                         
1     0005d300  _CpuSysRegs                           
1     00000c00  _CpuTimer0Regs                        
1     00000c08  _CpuTimer1Regs                        
1     00000c10  _CpuTimer2Regs                        
0     0000940e  _CsmUnlock                            
0     000086ac  _DAC_A_Config                         
1     0000ad36  _DACgain                              
1     0000ad38  _DACoffset                            
0     000088a5  _DATALOG_ISR                          
0     00008ae9  _DMA_CH1_ISR                          
0     00008af3  _DMA_CH2_ISR                          
0     00008afd  _DMA_CH3_ISR                          
0     00008b07  _DMA_CH4_ISR                          
0     00008b11  _DMA_CH5_ISR                          
0     00008b1b  _DMA_CH6_ISR                          
1     00005c00  _DacaRegs                             
1     00005c10  _DacbRegs                             
1     00005c20  _DaccRegs                             
1     0005f070  _DcsmCommonRegs                       
1     00078000  _DcsmZ1Otp                            
1     0005f000  _DcsmZ1Regs                           
1     00078200  _DcsmZ2Otp                            
1     0005f040  _DcsmZ2Regs                           
1     0005d000  _DevCfgRegs                           
0     00009272  _DisableDog                           
0     00009233  _DisablePeripheralClocks              
1     00007980  _DmaClaSrcSelRegs                     
1     00001000  _DmaRegs                              
0     00008a3f  _ECAP1_ISR                            
0     00008a49  _ECAP2_ISR                            
0     00008a53  _ECAP3_ISR                            
0     00008a5d  _ECAP4_ISR                            
0     00008a67  _ECAP5_ISR                            
0     00008a71  _ECAP6_ISR                            
1     00005000  _ECap1Regs                            
1     00005020  _ECap2Regs                            
1     00005040  _ECap3Regs                            
1     00005060  _ECap4Regs                            
1     00005080  _ECap5Regs                            
1     000050a0  _ECap6Regs                            
0     00008da5  _EMIF_ERROR_ISR                       
0     00008dff  _EMPTY_ISR                            
0     000088b9  _EMU_ISR                              
0     00008cfb  _EPWM10_ISR                           
0     00008cd3  _EPWM10_TZ_ISR                        
0     00008d05  _EPWM11_ISR                           
0     00008cdd  _EPWM11_TZ_ISR                        
0     00008d0f  _EPWM12_ISR                           
0     00008ce7  _EPWM12_TZ_ISR                        
0     000089ef  _EPWM1_ISR                            
0     0000899f  _EPWM1_TZ_ISR                         
0     000089f9  _EPWM2_ISR                            
0     000089a9  _EPWM2_TZ_ISR                         
0     00008a03  _EPWM3_ISR                            
0     000089b3  _EPWM3_TZ_ISR                         
0     00008a0d  _EPWM4_ISR                            
0     000089bd  _EPWM4_TZ_ISR                         
0     00008a17  _EPWM5_ISR                            
0     000089c7  _EPWM5_TZ_ISR                         
0     00008a21  _EPWM6_ISR                            
0     000089d1  _EPWM6_TZ_ISR                         
0     00008a2b  _EPWM7_ISR                            
0     000089db  _EPWM7_TZ_ISR                         
0     00008a35  _EPWM8_ISR                            
0     000089e5  _EPWM8_TZ_ISR                         
0     00008cf1  _EPWM9_ISR                            
0     00008cc9  _EPWM9_TZ_ISR                         
1     00004900  _EPwm10Regs                           
1     00004a00  _EPwm11Regs                           
1     00004b00  _EPwm12Regs                           
1     00004000  _EPwm1Regs                            
1     00004100  _EPwm2Regs                            
1     00004200  _EPwm3Regs                            
1     00004300  _EPwm4Regs                            
1     00004400  _EPwm5Regs                            
1     00004500  _EPwm6Regs                            
1     00004600  _EPwm7Regs                            
1     00004700  _EPwm8Regs                            
1     00004800  _EPwm9Regs                            
1     00007a00  _EPwmXbarRegs                         
0     00008a7b  _EQEP1_ISR                            
0     00008a85  _EQEP2_ISR                            
0     00008a8f  _EQEP3_ISR                            
1     00005100  _EQep1Regs                            
1     00005140  _EQep2Regs                            
1     00005180  _EQep3Regs                            
1     0005f480  _Emif1ConfigRegs                      
1     00047000  _Emif1Regs                            
1     0005f4a0  _Emif2ConfigRegs                      
1     00047800  _Emif2Regs                            
1     00000d01  _EmuBMode                             
1     00000d00  _EmuKey                               
0     0000a121  _EnableInterrupts                     
0     0000020b  _F28x_usDelay                         
0     00008db9  _FLASH_CORRECTABLE_ERROR_ISR          
0     00008c8d  _FPU_OVERFLOW_ISR                     
0     00008c97  _FPU_UNDERFLOW_ISR                    
1     0005f800  _Flash0CtrlRegs                       
1     0005fb00  _Flash0EccRegs                        
1     00050024  _FlashPumpSemaphoreRegs               
0     000096b2  _GPIO_EnableUnbondedIOPullups         
0     0000968d  _GPIO_EnableUnbondedIOPullupsFor100Pin
0     00009674  _GPIO_EnableUnbondedIOPullupsFor176Pin
0     000096c8  _GPIO_ReadPin                         
0     00009619  _GPIO_SetupLock                       
0     000094f9  _GPIO_SetupPinMux                     
0     00009585  _GPIO_SetupPinOptions                 
0     00009642  _GPIO_SetupXINT1Gpio                  
0     0000964c  _GPIO_SetupXINT2Gpio                  
0     00009656  _GPIO_SetupXINT3Gpio                  
0     00009660  _GPIO_SetupXINT4Gpio                  
0     0000966a  _GPIO_SetupXINT5Gpio                  
0     000096df  _GPIO_WritePin                        
1     00007c00  _GpioCtrlRegs                         
1     00007f00  _GpioDataRegs                         
0     00009483  _HALT                                 
0     0000949c  _HIB                                  
0     0000863c  _HRPWM1_Config                        
0     000086b8  _HRPWM2_Config                        
0     0000871a  _HRPWM3_Config                        
0     00008799  _HRPWM4_Config                        
0     00008818  _HRPWM5_Config                        
0     00008600  _HRPWMupdateDB                        
0     0000857e  _HRPWMupdatePhases                    
0     00008b2f  _I2CA_FIFO_ISR                        
0     00008b25  _I2CA_ISR                             
0     00008b43  _I2CB_FIFO_ISR                        
0     00008b39  _I2CB_ISR                             
1     00007300  _I2caRegs                             
1     00007340  _I2cbRegs                             
0     0000946f  _IDLE                                 
0     000088cd  _ILLEGAL_ISR                          
0     00008ca1  _IPC0_ISR                             
0     00008cab  _IPC1_ISR                             
0     00008cb5  _IPC2_ISR                             
0     00008cbf  _IPC3_ISR                             
0     00009346  _InitAuxPll                           
0     00009d38  _InitEPwm10Gpio                       
0     00009d4b  _InitEPwm11Gpio                       
0     00009d5f  _InitEPwm12Gpio                       
0     00009c8e  _InitEPwm1Gpio                        
0     00009ca0  _InitEPwm2Gpio                        
0     00009cb2  _InitEPwm3Gpio                        
0     00009cc6  _InitEPwm4Gpio                        
0     00009cda  _InitEPwm5Gpio                        
0     00009cec  _InitEPwm6Gpio                        
0     00009cfe  _InitEPwm7Gpio                        
0     00009d12  _InitEPwm8Gpio                        
0     00009d26  _InitEPwm9Gpio                        
0     00009c75  _InitEPwmGpio                         
0     000094b9  _InitGpio                             
0     000091af  _InitPeripheralClocks                 
0     0000a102  _InitPieCtrl                          
0     0000a151  _InitPieVectTable                     
0     0000917e  _InitSysCtrl                          
0     00009280  _InitSysPll                           
1     00007900  _InputXbarRegs                        
1     00050000  _IpcRegs                              
1     0000ad22  _KI_DPHI                              
1     0000ad0e  _KI_PHI                               
1     0000ad20  _KP_DPHI                              
1     0000ad0c  _KP_PHI                               
0     00008ac1  _MCBSPA_RX_ISR                        
0     00008acb  _MCBSPA_TX_ISR                        
0     00008ad5  _MCBSPB_RX_ISR                        
0     00008adf  _MCBSPB_TX_ISR                        
1     0000ad98  _MEP_SF                               
1     0000ad00  _MEP_ScaleFactor                      
1     00006000  _McbspaRegs                           
1     00006040  _McbspbRegs                           
1     0005f400  _MemCfgRegs                           
1     0005f500  _MemoryErrorRegs                      
0     000088c3  _NMI_ISR                              
0     00008e0c  _NOTUSED_ISR                          
1     00007060  _NmiIntruptRegs                       
1     00007a80  _OutputXbarRegs                       
0     00008df5  _PIE_RESERVED_ISR                     
1     00000ce0  _PieCtrlRegs                          
1     00000d00  _PieVectTable                         
1     0000a800  _PieVectTableInit                     
0     00008dc3  _RAM_ACCESS_VIOLATION_ISR             
0     00008daf  _RAM_CORRECTABLE_ERROR_ISR            
0     000088af  _RTOS_ISR                             
1     0000ac00  _RXBuffer                             
1     0000ad46  _RXBufferStruct                       
0     0000925a  _ReleaseFlashPump                     
1     0005e608  _RomPrefetchRegs                      
1     0005f540  _RomWaitStateRegs                     
1     0000abe8  _RxCommand                            
1     0000ad54  _RxData                               
1     0000ad6c  _RxPackage                            
0     00008b75  _SCIA_RX_ISR                          
0     00008b7f  _SCIA_TX_ISR                          
0     00008b89  _SCIB_RX_ISR                          
0     00008b93  _SCIB_TX_ISR                          
0     00008b4d  _SCIC_RX_ISR                          
0     00008b57  _SCIC_TX_ISR                          
0     00008b61  _SCID_RX_ISR                          
0     00008b6b  _SCID_TX_ISR                          
0     00008d19  _SD1_ISR                              
0     00008d23  _SD2_ISR                              
0     00009b1b  _SFO                                  
1     0000ad97  _SFO_CAL                              
0     0000a1b8  _SGENTI_1_calc                        
0     00008a99  _SPIA_RX_ISR                          
0     00008aa3  _SPIA_TX_ISR                          
0     00008aad  _SPIB_RX_ISR                          
0     00008ab7  _SPIB_TX_ISR                          
0     00008d2d  _SPIC_RX_ISR                          
0     00008d37  _SPIC_TX_ISR                          
0     00009478  _STANDBY                              
0     00008dcd  _SYS_PLL_SLIP_ISR                     
1     00007200  _SciaRegs                             
1     00007210  _ScibRegs                             
1     00007220  _ScicRegs                             
1     00007230  _ScidRegs                             
1     00005e00  _Sdfm1Regs                            
1     00005e80  _Sdfm2Regs                            
0     0000924b  _SeizeFlashPump                       
0     00009264  _ServiceDog                           
1     00006100  _SpiaRegs                             
1     00006110  _SpibRegs                             
1     00006120  _SpicRegs                             
1     00007940  _SyncSocRegs                          
0     0000942f  _SysIntOsc1Sel                        
0     00009439  _SysIntOsc2Sel                        
0     00009443  _SysXtalOscSel                        
0     0000898b  _TIMER0_ISR                           
0     00008891  _TIMER1_ISR                           
0     0000889b  _TIMER2_ISR                           
1     0000ac80  _TXBuffer                             
1     0000ad40  _TXBufferStruct                       
1     0000ad0a  _T_PWM                                
0     00008d41  _UPPA_ISR                             
0     00008d4b  _USBA_ISR                             
0     00008931  _USER10_ISR                           
0     0000893b  _USER11_ISR                           
0     00008945  _USER12_ISR                           
0     000088d7  _USER1_ISR                            
0     000088e1  _USER2_ISR                            
0     000088eb  _USER3_ISR                            
0     000088f5  _USER4_ISR                            
0     000088ff  _USER5_ISR                            
0     00008909  _USER6_ISR                            
0     00008913  _USER7_ISR                            
0     0000891d  _USER8_ISR                            
0     00008927  _USER9_ISR                            
1     00006200  _UppRegs                              
0     00008c83  _VCU_ISR                              
0     00008995  _WAKE_ISR                             
1     00007000  _WdRegs                               
0     0000896d  _XINT1_ISR                            
0     00008977  _XINT2_ISR                            
0     00008c65  _XINT3_ISR                            
0     00008c6f  _XINT4_ISR                            
0     00008c79  _XINT5_ISR                            
1     00007920  _XbarRegs                             
1     00007070  _XintRegs                             
1     00000500  __STACK_END                           
abs   00000100  __STACK_SIZE                          
1     0000ada4  ___TI_cleanup_ptr                     
1     0000ada6  ___TI_dtors_ptr                       
1     0000ada2  ___TI_enable_exit_profile_output      
abs   ffffffff  ___TI_pprof_out_hndl                  
abs   ffffffff  ___TI_prof_data_size                  
abs   ffffffff  ___TI_prof_data_start                 
abs   ffffffff  ___binit__                            
abs   ffffffff  ___c_args__                           
0     00000122  ___cinit__                            
0     0000a235  ___etext__                            
abs   ffffffff  ___pinit__                            
0     00008000  ___text__                             
0     0000a1d3  __args_main                           
1     0000a9c0  __ctypes_                             
1     0000ada8  __lock                                
0     0000a225  __nop                                 
0     0000a221  __register_lock                       
0     0000a21d  __register_unlock                     
1     00000400  __stack                               
0     0000a234  __system_post_cinit                   
0     0000a232  __system_pre_init                     
1     0000adaa  __unlock                              
0     0000a0d9  _abort                                
1     0000ad01  _adcStartDelayClk                     
0     000096fd  _adca0_isr                            
1     0000ad34  _antiWindupMax                        
0     0000a22e  _atof                                 
0     0000a04a  _c_int00                              
0     0000a177  _copy_in                              
0     0000a201  _copysign                             
0     0000a201  _copysignf                            
1     0000ad2e  _dPhi                                 
1     0000ad3c  _dPhiTemp                             
1     0000ad03  _deadBand                             
1     0000ad09  _delayTemp                            
1     0000ad80  _ePWM                                 
1     0000ad18  _ePhi                                 
1     0000ad14  _eSumPhi                              
1     0000ad28  _eSumdPhi                             
1     0000ad2c  _edPhi                                
1     0000ada1  _errno                                
0     0000888e  _error                                
0     0000a0db  _exit                                 
0     00008498  _floatToArray                         
0     00009f99  _floor                                
0     00009f99  _floorf                               
1     0000ad06  _i                                    
0     000084f7  _intToStr                             
0     00009ff2  _ldexp                                
0     00009ff2  _ldexpf                               
0     00008000  _main                                 
0     0000a1ec  _memcmp                               
0     0000a19b  _memcpy                               
1     0000ad05  _newCommandRdy                        
1     0000ad1a  _phi                                  
1     0000ad3a  _phiTemp                              
0     00008e16  _pow                                  
0     00008e16  _powf                                 
1     0000ad08  _rampDown                             
1     0000ad07  _rampUp                               
0     000084d4  _reverseString                        
0     00009ef7  _ringbuffer_data                      
0     00009e5e  _ringbuffer_empty                     
0     00009e7e  _ringbuffer_full                      
0     00009ed5  _ringbuffer_get                       
0     00009e6a  _ringbuffer_length                    
0     00009e8f  _ringbuffer_put                       
0     00009eb7  _ringbuffer_put_array                 
0     00009e4f  _ringbuffer_reset                     
0     0000a0a0  _round                                
0     0000a0a0  _roundf                               
0     00009ff2  _scalbn                               
0     00009ff2  _scalbnf                              
0     000098c8  _sciaRxFifoIsr                        
0     00009863  _sciaTxFifoIsr                        
0     00008842  _scia_fifo_init                       
1     0000ad4c  _sgen                                 
0     0000a12a  _sqrt                                 
0     0000a12a  _sqrtf                                
1     0000ad04  _status                               
0     0000a226  _strlen                               
0     0000991c  _strtod                               
0     0000991c  _strtof                               
1     0000ad30  _uC2                                  
1     0000ad2a  _uC2Target                            
1     0000ad1c  _uOut                                 
1     0000ad16  _uOutTarget                           
1     0000ad02  _updateDB                             
1     0000ad32  _upperLowerdPhiLimit                  
1     0000ad1e  _upperPhiLimit                        
1     0000ad3e  _utemp                                
abs   ffffffff  binit                                 
0     00000122  cinit                                 
0     00000000  code_start                            
0     0000a235  etext                                 
abs   ffffffff  pinit                                 


GLOBAL SYMBOLS: SORTED BY Symbol Address 

page  address   name                                  
----  -------   ----                                  
0     00000000  code_start                            
0     00000122  ___cinit__                            
0     00000122  cinit                                 
0     0000020b  _F28x_usDelay                         
0     0000020f  SINTAB_360                            
0     00000ce0  _Cla1SoftIntRegs                      
0     00008000  .text                                 
0     00008000  ___text__                             
0     00008000  _main                                 
0     00008498  _floatToArray                         
0     000084d4  _reverseString                        
0     000084f7  _intToStr                             
0     00008528  _ConfigureADC                         
0     0000857e  _HRPWMupdatePhases                    
0     00008600  _HRPWMupdateDB                        
0     0000863c  _HRPWM1_Config                        
0     000086ac  _DAC_A_Config                         
0     000086b8  _HRPWM2_Config                        
0     0000871a  _HRPWM3_Config                        
0     00008799  _HRPWM4_Config                        
0     00008818  _HRPWM5_Config                        
0     00008842  _scia_fifo_init                       
0     0000888e  _error                                
0     00008891  _TIMER1_ISR                           
0     0000889b  _TIMER2_ISR                           
0     000088a5  _DATALOG_ISR                          
0     000088af  _RTOS_ISR                             
0     000088b9  _EMU_ISR                              
0     000088c3  _NMI_ISR                              
0     000088cd  _ILLEGAL_ISR                          
0     000088d7  _USER1_ISR                            
0     000088e1  _USER2_ISR                            
0     000088eb  _USER3_ISR                            
0     000088f5  _USER4_ISR                            
0     000088ff  _USER5_ISR                            
0     00008909  _USER6_ISR                            
0     00008913  _USER7_ISR                            
0     0000891d  _USER8_ISR                            
0     00008927  _USER9_ISR                            
0     00008931  _USER10_ISR                           
0     0000893b  _USER11_ISR                           
0     00008945  _USER12_ISR                           
0     0000894f  _ADCA1_ISR                            
0     00008959  _ADCB1_ISR                            
0     00008963  _ADCC1_ISR                            
0     0000896d  _XINT1_ISR                            
0     00008977  _XINT2_ISR                            
0     00008981  _ADCD1_ISR                            
0     0000898b  _TIMER0_ISR                           
0     00008995  _WAKE_ISR                             
0     0000899f  _EPWM1_TZ_ISR                         
0     000089a9  _EPWM2_TZ_ISR                         
0     000089b3  _EPWM3_TZ_ISR                         
0     000089bd  _EPWM4_TZ_ISR                         
0     000089c7  _EPWM5_TZ_ISR                         
0     000089d1  _EPWM6_TZ_ISR                         
0     000089db  _EPWM7_TZ_ISR                         
0     000089e5  _EPWM8_TZ_ISR                         
0     000089ef  _EPWM1_ISR                            
0     000089f9  _EPWM2_ISR                            
0     00008a03  _EPWM3_ISR                            
0     00008a0d  _EPWM4_ISR                            
0     00008a17  _EPWM5_ISR                            
0     00008a21  _EPWM6_ISR                            
0     00008a2b  _EPWM7_ISR                            
0     00008a35  _EPWM8_ISR                            
0     00008a3f  _ECAP1_ISR                            
0     00008a49  _ECAP2_ISR                            
0     00008a53  _ECAP3_ISR                            
0     00008a5d  _ECAP4_ISR                            
0     00008a67  _ECAP5_ISR                            
0     00008a71  _ECAP6_ISR                            
0     00008a7b  _EQEP1_ISR                            
0     00008a85  _EQEP2_ISR                            
0     00008a8f  _EQEP3_ISR                            
0     00008a99  _SPIA_RX_ISR                          
0     00008aa3  _SPIA_TX_ISR                          
0     00008aad  _SPIB_RX_ISR                          
0     00008ab7  _SPIB_TX_ISR                          
0     00008ac1  _MCBSPA_RX_ISR                        
0     00008acb  _MCBSPA_TX_ISR                        
0     00008ad5  _MCBSPB_RX_ISR                        
0     00008adf  _MCBSPB_TX_ISR                        
0     00008ae9  _DMA_CH1_ISR                          
0     00008af3  _DMA_CH2_ISR                          
0     00008afd  _DMA_CH3_ISR                          
0     00008b07  _DMA_CH4_ISR                          
0     00008b11  _DMA_CH5_ISR                          
0     00008b1b  _DMA_CH6_ISR                          
0     00008b25  _I2CA_ISR                             
0     00008b2f  _I2CA_FIFO_ISR                        
0     00008b39  _I2CB_ISR                             
0     00008b43  _I2CB_FIFO_ISR                        
0     00008b4d  _SCIC_RX_ISR                          
0     00008b57  _SCIC_TX_ISR                          
0     00008b61  _SCID_RX_ISR                          
0     00008b6b  _SCID_TX_ISR                          
0     00008b75  _SCIA_RX_ISR                          
0     00008b7f  _SCIA_TX_ISR                          
0     00008b89  _SCIB_RX_ISR                          
0     00008b93  _SCIB_TX_ISR                          
0     00008b9d  _CANA0_ISR                            
0     00008ba7  _CANA1_ISR                            
0     00008bb1  _CANB0_ISR                            
0     00008bbb  _CANB1_ISR                            
0     00008bc5  _ADCA_EVT_ISR                         
0     00008bcf  _ADCA2_ISR                            
0     00008bd9  _ADCA3_ISR                            
0     00008be3  _ADCA4_ISR                            
0     00008bed  _ADCB_EVT_ISR                         
0     00008bf7  _ADCB2_ISR                            
0     00008c01  _ADCB3_ISR                            
0     00008c0b  _ADCB4_ISR                            
0     00008c15  _CLA1_1_ISR                           
0     00008c1f  _CLA1_2_ISR                           
0     00008c29  _CLA1_3_ISR                           
0     00008c33  _CLA1_4_ISR                           
0     00008c3d  _CLA1_5_ISR                           
0     00008c47  _CLA1_6_ISR                           
0     00008c51  _CLA1_7_ISR                           
0     00008c5b  _CLA1_8_ISR                           
0     00008c65  _XINT3_ISR                            
0     00008c6f  _XINT4_ISR                            
0     00008c79  _XINT5_ISR                            
0     00008c83  _VCU_ISR                              
0     00008c8d  _FPU_OVERFLOW_ISR                     
0     00008c97  _FPU_UNDERFLOW_ISR                    
0     00008ca1  _IPC0_ISR                             
0     00008cab  _IPC1_ISR                             
0     00008cb5  _IPC2_ISR                             
0     00008cbf  _IPC3_ISR                             
0     00008cc9  _EPWM9_TZ_ISR                         
0     00008cd3  _EPWM10_TZ_ISR                        
0     00008cdd  _EPWM11_TZ_ISR                        
0     00008ce7  _EPWM12_TZ_ISR                        
0     00008cf1  _EPWM9_ISR                            
0     00008cfb  _EPWM10_ISR                           
0     00008d05  _EPWM11_ISR                           
0     00008d0f  _EPWM12_ISR                           
0     00008d19  _SD1_ISR                              
0     00008d23  _SD2_ISR                              
0     00008d2d  _SPIC_RX_ISR                          
0     00008d37  _SPIC_TX_ISR                          
0     00008d41  _UPPA_ISR                             
0     00008d4b  _USBA_ISR                             
0     00008d55  _ADCC_EVT_ISR                         
0     00008d5f  _ADCC2_ISR                            
0     00008d69  _ADCC3_ISR                            
0     00008d73  _ADCC4_ISR                            
0     00008d7d  _ADCD_EVT_ISR                         
0     00008d87  _ADCD2_ISR                            
0     00008d91  _ADCD3_ISR                            
0     00008d9b  _ADCD4_ISR                            
0     00008da5  _EMIF_ERROR_ISR                       
0     00008daf  _RAM_CORRECTABLE_ERROR_ISR            
0     00008db9  _FLASH_CORRECTABLE_ERROR_ISR          
0     00008dc3  _RAM_ACCESS_VIOLATION_ISR             
0     00008dcd  _SYS_PLL_SLIP_ISR                     
0     00008dd7  _AUX_PLL_SLIP_ISR                     
0     00008de1  _CLA_OVERFLOW_ISR                     
0     00008deb  _CLA_UNDERFLOW_ISR                    
0     00008df5  _PIE_RESERVED_ISR                     
0     00008dff  _EMPTY_ISR                            
0     00008e0c  _NOTUSED_ISR                          
0     00008e16  _pow                                  
0     00008e16  _powf                                 
0     0000917e  _InitSysCtrl                          
0     000091af  _InitPeripheralClocks                 
0     00009233  _DisablePeripheralClocks              
0     0000924b  _SeizeFlashPump                       
0     0000925a  _ReleaseFlashPump                     
0     00009264  _ServiceDog                           
0     00009272  _DisableDog                           
0     00009280  _InitSysPll                           
0     00009346  _InitAuxPll                           
0     0000940e  _CsmUnlock                            
0     0000942f  _SysIntOsc1Sel                        
0     00009439  _SysIntOsc2Sel                        
0     00009443  _SysXtalOscSel                        
0     0000944f  _AuxIntOsc2Sel                        
0     00009459  _AuxXtalOscSel                        
0     00009465  _AuxAuxClkSel                         
0     0000946f  _IDLE                                 
0     00009478  _STANDBY                              
0     00009483  _HALT                                 
0     0000949c  _HIB                                  
0     000094b9  _InitGpio                             
0     000094f9  _GPIO_SetupPinMux                     
0     00009585  _GPIO_SetupPinOptions                 
0     00009619  _GPIO_SetupLock                       
0     00009642  _GPIO_SetupXINT1Gpio                  
0     0000964c  _GPIO_SetupXINT2Gpio                  
0     00009656  _GPIO_SetupXINT3Gpio                  
0     00009660  _GPIO_SetupXINT4Gpio                  
0     0000966a  _GPIO_SetupXINT5Gpio                  
0     00009674  _GPIO_EnableUnbondedIOPullupsFor176Pin
0     0000968d  _GPIO_EnableUnbondedIOPullupsFor100Pin
0     000096b2  _GPIO_EnableUnbondedIOPullups         
0     000096c8  _GPIO_ReadPin                         
0     000096df  _GPIO_WritePin                        
0     000096fd  _adca0_isr                            
0     00009863  _sciaTxFifoIsr                        
0     000098c8  _sciaRxFifoIsr                        
0     0000991c  _strtod                               
0     0000991c  _strtof                               
0     00009b1b  _SFO                                  
0     00009c75  _InitEPwmGpio                         
0     00009c8e  _InitEPwm1Gpio                        
0     00009ca0  _InitEPwm2Gpio                        
0     00009cb2  _InitEPwm3Gpio                        
0     00009cc6  _InitEPwm4Gpio                        
0     00009cda  _InitEPwm5Gpio                        
0     00009cec  _InitEPwm6Gpio                        
0     00009cfe  _InitEPwm7Gpio                        
0     00009d12  _InitEPwm8Gpio                        
0     00009d26  _InitEPwm9Gpio                        
0     00009d38  _InitEPwm10Gpio                       
0     00009d4b  _InitEPwm11Gpio                       
0     00009d5f  _InitEPwm12Gpio                       
0     00009d72  _AdcSetMode                           
0     00009e15  _CalAdcINL                            
0     00009e4f  _ringbuffer_reset                     
0     00009e5e  _ringbuffer_empty                     
0     00009e6a  _ringbuffer_length                    
0     00009e7e  _ringbuffer_full                      
0     00009e8f  _ringbuffer_put                       
0     00009eb7  _ringbuffer_put_array                 
0     00009ed5  _ringbuffer_get                       
0     00009ef7  _ringbuffer_data                      
0     00009f11  FS$$DIV                               
0     00009f99  _floor                                
0     00009f99  _floorf                               
0     00009ff2  _ldexp                                
0     00009ff2  _ldexpf                               
0     00009ff2  _scalbn                               
0     00009ff2  _scalbnf                              
0     0000a04a  _c_int00                              
0     0000a0a0  _round                                
0     0000a0a0  _roundf                               
0     0000a0d9  C$$EXIT                               
0     0000a0d9  _abort                                
0     0000a0db  _exit                                 
0     0000a102  _InitPieCtrl                          
0     0000a121  _EnableInterrupts                     
0     0000a12a  _sqrt                                 
0     0000a12a  _sqrtf                                
0     0000a151  _InitPieVectTable                     
0     0000a177  _copy_in                              
0     0000a19b  _memcpy                               
0     0000a1b8  _SGENTI_1_calc                        
0     0000a1d3  __args_main                           
0     0000a1ec  _memcmp                               
0     0000a201  _copysign                             
0     0000a201  _copysignf                            
0     0000a212  U$$DIV                                
0     0000a217  U$$MOD                                
0     0000a21d  __register_unlock                     
0     0000a221  __register_lock                       
0     0000a225  __nop                                 
0     0000a226  _strlen                               
0     0000a22e  _atof                                 
0     0000a232  __system_pre_init                     
0     0000a234  __system_post_cinit                   
0     0000a235  ___etext__                            
0     0000a235  etext                                 
1     00000400  __stack                               
1     00000500  __STACK_END                           
1     00000b00  _AdcaResultRegs                       
1     00000b20  _AdcbResultRegs                       
1     00000b40  _AdccResultRegs                       
1     00000b60  _AdcdResultRegs                       
1     00000c00  _CpuTimer0Regs                        
1     00000c08  _CpuTimer1Regs                        
1     00000c10  _CpuTimer2Regs                        
1     00000ce0  _PieCtrlRegs                          
1     00000d00  _EmuKey                               
1     00000d00  _PieVectTable                         
1     00000d01  _EmuBMode                             
1     00001000  _DmaRegs                              
1     00001400  _Cla1Regs                             
1     00004000  _EPwm1Regs                            
1     00004100  _EPwm2Regs                            
1     00004200  _EPwm3Regs                            
1     00004300  _EPwm4Regs                            
1     00004400  _EPwm5Regs                            
1     00004500  _EPwm6Regs                            
1     00004600  _EPwm7Regs                            
1     00004700  _EPwm8Regs                            
1     00004800  _EPwm9Regs                            
1     00004900  _EPwm10Regs                           
1     00004a00  _EPwm11Regs                           
1     00004b00  _EPwm12Regs                           
1     00005000  _ECap1Regs                            
1     00005020  _ECap2Regs                            
1     00005040  _ECap3Regs                            
1     00005060  _ECap4Regs                            
1     00005080  _ECap5Regs                            
1     000050a0  _ECap6Regs                            
1     00005100  _EQep1Regs                            
1     00005140  _EQep2Regs                            
1     00005180  _EQep3Regs                            
1     00005c00  _DacaRegs                             
1     00005c10  _DacbRegs                             
1     00005c20  _DaccRegs                             
1     00005c80  _Cmpss1Regs                           
1     00005ca0  _Cmpss2Regs                           
1     00005cc0  _Cmpss3Regs                           
1     00005ce0  _Cmpss4Regs                           
1     00005d00  _Cmpss5Regs                           
1     00005d20  _Cmpss6Regs                           
1     00005d40  _Cmpss7Regs                           
1     00005d60  _Cmpss8Regs                           
1     00005e00  _Sdfm1Regs                            
1     00005e80  _Sdfm2Regs                            
1     00006000  _McbspaRegs                           
1     00006040  _McbspbRegs                           
1     00006100  _SpiaRegs                             
1     00006110  _SpibRegs                             
1     00006120  _SpicRegs                             
1     00006200  _UppRegs                              
1     00007000  _WdRegs                               
1     00007060  _NmiIntruptRegs                       
1     00007070  _XintRegs                             
1     00007200  _SciaRegs                             
1     00007210  _ScibRegs                             
1     00007220  _ScicRegs                             
1     00007230  _ScidRegs                             
1     00007300  _I2caRegs                             
1     00007340  _I2cbRegs                             
1     00007400  _AdcaRegs                             
1     00007480  _AdcbRegs                             
1     00007500  _AdccRegs                             
1     00007580  _AdcdRegs                             
1     00007900  _InputXbarRegs                        
1     00007920  _XbarRegs                             
1     00007940  _SyncSocRegs                          
1     00007980  _DmaClaSrcSelRegs                     
1     00007a00  _EPwmXbarRegs                         
1     00007a80  _OutputXbarRegs                       
1     00007c00  _GpioCtrlRegs                         
1     00007f00  _GpioDataRegs                         
1     0000a800  _PieVectTableInit                     
1     0000a9c0  __ctypes_                             
1     0000abe8  _RxCommand                            
1     0000ac00  _RXBuffer                             
1     0000ac80  _TXBuffer                             
1     0000ad00  _MEP_ScaleFactor                      
1     0000ad01  _adcStartDelayClk                     
1     0000ad02  _updateDB                             
1     0000ad03  _deadBand                             
1     0000ad04  _status                               
1     0000ad05  _newCommandRdy                        
1     0000ad06  _i                                    
1     0000ad07  _rampUp                               
1     0000ad08  _rampDown                             
1     0000ad09  _delayTemp                            
1     0000ad0a  _T_PWM                                
1     0000ad0c  _KP_PHI                               
1     0000ad0e  _KI_PHI                               
1     0000ad10  _ADC_UC2_GAIN                         
1     0000ad12  _ADC_UC2_OFFSET                       
1     0000ad14  _eSumPhi                              
1     0000ad16  _uOutTarget                           
1     0000ad18  _ePhi                                 
1     0000ad1a  _phi                                  
1     0000ad1c  _uOut                                 
1     0000ad1e  _upperPhiLimit                        
1     0000ad20  _KP_DPHI                              
1     0000ad22  _KI_DPHI                              
1     0000ad24  _ADC_UOUT_GAIN                        
1     0000ad26  _ADC_UOUT_OFFSET                      
1     0000ad28  _eSumdPhi                             
1     0000ad2a  _uC2Target                            
1     0000ad2c  _edPhi                                
1     0000ad2e  _dPhi                                 
1     0000ad30  _uC2                                  
1     0000ad32  _upperLowerdPhiLimit                  
1     0000ad34  _antiWindupMax                        
1     0000ad36  _DACgain                              
1     0000ad38  _DACoffset                            
1     0000ad3a  _phiTemp                              
1     0000ad3c  _dPhiTemp                             
1     0000ad3e  _utemp                                
1     0000ad40  _TXBufferStruct                       
1     0000ad46  _RXBufferStruct                       
1     0000ad4c  _sgen                                 
1     0000ad54  _RxData                               
1     0000ad6c  _RxPackage                            
1     0000ad80  _ePWM                                 
1     0000ad97  _SFO_CAL                              
1     0000ad98  _MEP_SF                               
1     0000ada1  _errno                                
1     0000ada2  ___TI_enable_exit_profile_output      
1     0000ada4  ___TI_cleanup_ptr                     
1     0000ada6  ___TI_dtors_ptr                       
1     0000ada8  __lock                                
1     0000adaa  __unlock                              
1     00047000  _Emif1Regs                            
1     00047800  _Emif2Regs                            
1     00048000  _CanaRegs                             
1     0004a000  _CanbRegs                             
1     00050000  _IpcRegs                              
1     00050024  _FlashPumpSemaphoreRegs               
1     0005d000  _DevCfgRegs                           
1     0005d180  _AnalogSubsysRegs                     
1     0005d200  _ClkCfgRegs                           
1     0005d300  _CpuSysRegs                           
1     0005e608  _RomPrefetchRegs                      
1     0005f000  _DcsmZ1Regs                           
1     0005f040  _DcsmZ2Regs                           
1     0005f070  _DcsmCommonRegs                       
1     0005f400  _MemCfgRegs                           
1     0005f480  _Emif1ConfigRegs                      
1     0005f4a0  _Emif2ConfigRegs                      
1     0005f4c0  _AccessProtectionRegs                 
1     0005f500  _MemoryErrorRegs                      
1     0005f540  _RomWaitStateRegs                     
1     0005f800  _Flash0CtrlRegs                       
1     0005fb00  _Flash0EccRegs                        
1     00078000  _DcsmZ1Otp                            
1     00078200  _DcsmZ2Otp                            
abs   00000100  __STACK_SIZE                          
abs   ffffffff  ___TI_pprof_out_hndl                  
abs   ffffffff  ___TI_prof_data_size                  
abs   ffffffff  ___TI_prof_data_start                 
abs   ffffffff  ___binit__                            
abs   ffffffff  ___c_args__                           
abs   ffffffff  ___pinit__                            
abs   ffffffff  binit                                 
abs   ffffffff  pinit                                 

[430 symbols]
